
> qxframe9a7c2@2.19.81 verify:esm-cutover-source
> node tools/verify-esm-cutover-source.mjs

{
  "ok": true,
  "executableCutoverParity": true,
  "candidateAuthority": 79,
  "loadedLegacyModules": 72,
  "reachableLegacyModuleImplementations": 13,
  "classComponentAuthorities": [
    "Autocomplete",
    "Carousel",
    "Cascader",
    "Collapse",
    "ColorPicker",
    "DatePicker",
    "Drawer",
    "Dropdown",
    "InputNumber",
    "InputOTP",
    "Loading",
    "Modal",
    "Popconfirm",
    "Popover",
    "Progress",
    "Rate",
    "Result",
    "Select",
    "Slider",
    "Sort",
    "Steps",
    "TagInput",
    "TimePicker",
    "Tooltip",
    "TreeSelect",
    "WheelPicker"
  ],
  "manifestOnlyModules": [
    "alert",
    "avatar",
    "badge",
    "button",
    "card",
    "checkbox",
    "descriptions",
    "empty",
    "form",
    "grid",
    "icon",
    "layout",
    "radio"
  ],
  "buildingBlockAuthorities": [
    "Calendar",
    "ColorPanel",
    "Control",
    "Item",
    "ItemCollection",
    "NoticeClock",
    "OptionList",
    "PeriodPanel",
    "TextField",
    "TimePanel",
    "Tree",
    "VirtualList"
  ],
  "supportAuthorities": [
    "ComponentContracts",
    "EmptyProjection",
    "PickerField",
    "Ripple",
    "Scroll",
    "SwitchLoadingGuard",
    "Trigger",
    "WheelPanel"
  ],
  "publicComponents": 40,
  "buildingBlocks": 14,
  "reachableSourceFiles": 163,
  "staticImportEdges": 906,
  "monolithicKernelImported": false,
  "legacyEntryImported": false,
  "publicSourceEntryCutover": true,
  "floatingUI": "legacy-umd-until-30→35",
  "compatFiles": 11
}
