{
  "ok": true,
  "candidates": [
    "Carousel",
    "Collapse",
    "Loading",
    "Progress",
    "Result",
    "Steps"
  ],
  "sourceAuthorities": [
    "Carousel",
    "Collapse",
    "Loading",
    "Progress",
    "Result",
    "Steps"
  ],
  "legacyReference": "frozen dist/qxframe9a7c2.js VM",
  "inheritance": [
    "Carousel extends Component",
    "Collapse extends Component",
    "Loading extends Component",
    "Progress extends Component",
    "Result extends Component",
    "Steps extends Component"
  ],
  "apiParity": true,
  "domParity": true,
  "optionParity": true,
  "lifecycleParity": true
}
